sftp> lcd lls/dirforcheck
sftp> lls
file2.txt file3.txt file1.txt 
sftp> lcd ../../
sftp> 
