Illegal Option for 'lls': -z
Illegal Option for 'lls': -q
Illegal Option for 'lls': -p
Illegal Option for 'lls': -r -t -u -y
Illegal Option for 'lls': -m -n -r -t -y
