sftp> lls -l lls/dirforcheck
-r--r--r--.  1 willytai staff 143 Oct 22 23:42 file2.txt
-r--r--r--.  1 willytai staff   7 Oct 22 23:42 file3.txt
-r--r--r--.  1 willytai staff   2 Oct 22 23:42 file1.txt
sftp> 
