sftp> lls -a lls/dirforcheck
column print, a: 1, h: 0
sftp> 
