sftp> lls -ah lls/dirforcheck
column print, a: 1, h: 1
sftp> 
