sftp> lls -l lls/dirforcheck -h
-r--r--r--.  1 willytai staff  143B Oct 22 23:42 file2.txt
-r--r--r--.  1 willytai staff    7B Oct 22 23:42 file3.txt
-r--r--r--.  1 willytai staff    2B Oct 22 23:42 file1.txt
sftp> 
